#-----------------------------------------------------------
# Vivado v2023.2 (64-bit)
# SW Build 4029153 on Fri Oct 13 20:14:34 MDT 2023
# IP Build 4028589 on Sat Oct 14 00:45:43 MDT 2023
# SharedData Build 4025554 on Tue Oct 10 17:18:54 MDT 2023
# Start of session at: Thu Nov 30 16:06:43 2023
# Process ID: 79356
# Current directory: C:/Users/32081/Desktop/出租车计费器
# Command line: vivado.exe -gui_launcher_event rodinguilauncherevent59544 C:\Users\32081\Desktop\出租车计费器\project_1.xpr
# Log file: C:/Users/32081/Desktop/出租车计费器/vivado.log
# Journal file: C:/Users/32081/Desktop/出租车计费器\vivado.jou
# Running On: def, OS: Windows, CPU Frequency: 2688 MHz, CPU Physical cores: 14, Host memory: 16858 MB
#-----------------------------------------------------------
start_gui
open_project C:/Users/32081/Desktop/出租车计费器/project_1.xpr
update_compile_order -fileset sources_1
open_hw_manager
connect_hw_server -allow_non_jtag
open_hw_target
set_property PROGRAM.FILE {C:/Users/32081/Desktop/出租车计费器/project_1.runs/impl_1/whole_work.bit} [get_hw_devices xc7a35t_0]
current_hw_device [get_hw_devices xc7a35t_0]
refresh_hw_device -update_hw_probes false [lindex [get_hw_devices xc7a35t_0] 0]
